Netlist file: camip/tests/fixtures/13blocks.net Architecture file: /var/benchmarks/4lut_sanitized.arch
Array size: 3 x 3 logic blocks

#block name     x   y   subblk      block number
#----------     --  --  ------      ------------
block_0   0  3  0
block_1   4  2  0
block_2   4  2  1
block_3   1  1  0
block_4   2  2  0
block_5   3  2  0
block_6   2  1  0
block_7   1  2  0
block_8   2  3  0
block_9   3  1  0
block_10  1  3  0
block_11  4  1  0
block_12  0  3  1
block_13  1  4  0
